// Vitest Snapshot v1, https://vitest.dev/guide/snapshot.html

exports[`export formats > produces consistent ZWO, JSON and Text outputs > json 1`] = `
"// Export Sample • FTP: 200 W • Bias: 110%
{
  "title": "Export Sample",
  "ftp": 200,
  "steps": [
    {
      "kind": "steady",
      "minutes": 5,
      "intensity": 165,
      "description": "steady",
      "phase": "work"
    },
    {
      "kind": "ramp",
      "minutes": 5,
      "from": 110,
      "to": 154,
      "description": "ramp",
      "phase": "work"
    }
  ],
  "totalMinutes": 10,
  "workMinutes": 10,
  "recoveryMinutes": 0,
  "avgIntensity": 149,
  "signature": "sig",
  "biasPct": 110
}"
`;

exports[`export formats > produces consistent ZWO, JSON and Text outputs > text 1`] = `
"Export Sample • FTP: 200 W • Bias: 110%

1. 5' — 165 W — steady
2. 5' — ramp 110→154 W — ramp

Total: 10'
Avg: 149 W"
`;

exports[`export formats > produces consistent ZWO, JSON and Text outputs > zwo 1`] = `
"<?xml version="1.0" encoding="UTF-8"?>
<workout_file>
  <author>Workout Generator 2.0</author>
  <name>Export Sample</name>
  <description>FTP 200W • Bias 110%</description>
  <workout>
    <SteadyState Duration="300" Power="0.75" />
    <Ramp Duration="300" PowerLow="0.50" PowerHigh="0.70" />
  </workout>
</workout_file>"
`;
